Internal ctest changing into directory: /home/yaomi/文档/0502_YMGRE/build/_ymgre_sdk/external-gui16
Test project /home/yaomi/文档/0502_YMGRE/build/_ymgre_sdk/external-gui16
      Start  1: demo_advanced_clipping_planes
 1/30 Test  #1: demo_advanced_clipping_planes .......   Passed    0.04 sec
      Start  2: demo_advanced_normal_map
 2/30 Test  #2: demo_advanced_normal_map ............   Passed    0.08 sec
      Start  3: demo_advanced_perspective
 3/30 Test  #3: demo_advanced_perspective ...........   Passed    0.05 sec
      Start  4: demo_advanced_raytrace
 4/30 Test  #4: demo_advanced_raytrace ..............   Passed    0.05 sec
      Start  5: demo_advanced_raytrace_materials
 5/30 Test  #5: demo_advanced_raytrace_materials ....   Passed    3.21 sec
      Start  6: demo_advanced_raytrace_mirror
 6/30 Test  #6: demo_advanced_raytrace_mirror .......   Passed    1.81 sec
      Start  7: demo_advanced_raytrace_object
 7/30 Test  #7: demo_advanced_raytrace_object .......   Passed    0.05 sec
      Start  8: demo_advanced_raytrace_refraction
 8/30 Test  #8: demo_advanced_raytrace_refraction ...   Passed    1.05 sec
      Start  9: demo_advanced_raytrace_shading
 9/30 Test  #9: demo_advanced_raytrace_shading ......   Passed    0.05 sec
      Start 10: demo_advanced_raytrace_shadow
10/30 Test #10: demo_advanced_raytrace_shadow .......   Passed    1.67 sec
      Start 11: demo_advanced_render_modes
11/30 Test #11: demo_advanced_render_modes ..........   Passed    0.04 sec
      Start 12: demo_advanced_specular
12/30 Test #12: demo_advanced_specular ..............   Passed    0.07 sec
      Start 13: demo_advanced_texture
13/30 Test #13: demo_advanced_texture ...............   Passed    0.04 sec
      Start 14: demo_advanced_vertex
14/30 Test #14: demo_advanced_vertex ................   Passed    0.04 sec
      Start 15: demo_backface_culling
15/30 Test #15: demo_backface_culling ...............   Passed    0.04 sec
      Start 16: demo_basic_shapes
16/30 Test #16: demo_basic_shapes ...................   Passed    0.04 sec
      Start 17: demo_camera_viewport
17/30 Test #17: demo_camera_viewport ................   Passed    0.04 sec
      Start 18: demo_depth_overlap
18/30 Test #18: demo_depth_overlap ..................   Passed    0.04 sec
      Start 19: demo_extended_shapes
19/30 Test #19: demo_extended_shapes ................   Passed    0.05 sec
      Start 20: demo_fragment_stitching
20/30 Test #20: demo_fragment_stitching .............   Passed    0.04 sec
      Start 21: demo_frustum_clipping
21/30 Test #21: demo_frustum_clipping ...............   Passed    0.03 sec
      Start 22: demo_lighting
22/30 Test #22: demo_lighting .......................   Passed    0.04 sec
      Start 23: demo_material_texture
23/30 Test #23: demo_material_texture ...............   Passed    0.03 sec
      Start 24: demo_polygon_fill
24/30 Test #24: demo_polygon_fill ...................   Passed    0.04 sec
      Start 25: demo_polygon_triangulation
25/30 Test #25: demo_polygon_triangulation ..........   Passed    0.03 sec
      Start 26: demo_render_target
26/30 Test #26: demo_render_target ..................   Passed    0.03 sec
      Start 27: demo_sdk_minimal
27/30 Test #27: demo_sdk_minimal ....................   Passed    0.00 sec
      Start 28: demo_shared_edge_stress
28/30 Test #28: demo_shared_edge_stress .............   Passed    0.03 sec
      Start 29: demo_stereo_view
29/30 Test #29: demo_stereo_view ....................   Passed    0.03 sec
      Start 30: demo_window_clipping
30/30 Test #30: demo_window_clipping ................   Passed    0.04 sec

100% tests passed, 0 tests failed out of 30

Total Test time (real) =   8.82 sec
